Error   : EXCEPTION_ACCESS_VIOLATION
Address : 0x00007FF7C25B3F40
Module  : blender.exe
Thread  : 000085cc
Error   : EXCEPTION_ACCESS_VIOLATION
Address : 0x00007FF7C25B3F40
Module  : blender.exe
Thread  : 00008700
Error   : EXCEPTION_ACCESS_VIOLATION
Address : 0x00007FF7C25B3F40
Module  : blender.exe
Thread  : 00007bdc
Error   : EXCEPTION_ACCESS_VIOLATION
Address : 0x00007FF7C25B3F40
Module  : blender.exe
Thread  : 00007f60
Error   : EXCEPTION_ACCESS_VIOLATION
Address : 0x00007FF7C25B3F5C
Module  : blender.exe
Thread  : 00005654
Error   : EXCEPTION_ACCESS_VIOLATION
Address : 0x00007FF7C25B3F40
Module  : blender.exe
Thread  : 00008124
Error   : EXCEPTION_ACCESS_VIOLATION
Address : 0x00007FF7C25B3F40
Module  : blender.exe
Thread  : 00005fa0
Error   : EXCEPTION_ACCESS_VIOLATION
Address : 0x00007FF7C25B3F5C
Module  : blender.exe
Thread  : 00007114
Error   : EXCEPTION_ACCESS_VIOLATION
Address : 0x00007FF7C25B3F40
Module  : blender.exe
Thread  : 00005e2c
Error   : EXCEPTION_ACCESS_VIOLATION
Address : 0x00007FF7C25B3F40
Module  : blender.exe
Thread  : 00008660
Error   : EXCEPTION_ACCESS_VIOLATION
Address : 0x00007FF7C25B3F5C
Module  : blender.exe
Thread  : 00008524
Error   : EXCEPTION_ACCESS_VIOLATION
Address : 0x00007FF7C25B3F40
Module  : blender.exe
Thread  : 00006964
Error   : EXCEPTION_ACCESS_VIOLATION
Address : 0x00007FF7C25B3F40
Module  : blender.exe
Thread  : 00007080
Error   : EXCEPTION_ACCESS_VIOLATION
Address : 0x00007FF7C25B3F40
Module  : blender.exe
Thread  : 00006f68
Error   : EXCEPTION_ACCESS_VIOLATION
Address : 0x00007FF7C25B3F5C
Module  : blender.exe
Thread  : 00005fec
Error   : EXCEPTION_ACCESS_VIOLATION
Address : 0x00007FF7C25B3F40
Module  : blender.exe
Thread  : 00008720
Error   : EXCEPTION_ACCESS_VIOLATION
Address : 0x00007FF7C25B3F40
Module  : blender.exe
Thread  : 000084b4
Error   : EXCEPTION_ACCESS_VIOLATION
Address : 0x00007FF7C25B3F5C
Module  : blender.exe
Thread  : 00007c64
Error   : EXCEPTION_ACCESS_VIOLATION
Address : 0x00007FF7C25B3F40
Module  : blender.exe
Thread  : 00007b5c
Error   : EXCEPTION_ACCESS_VIOLATION
Address : 0x00007FF7C25B3F40
Module  : blender.exe
Thread  : 000085e0
Error   : EXCEPTION_ACCESS_VIOLATION
Address : 0x00007FF7C25B3F40
Module  : blender.exe
Thread  : 00005ddc
Error   : EXCEPTION_ACCESS_VIOLATION
Address : 0x00007FF7C25B3F40
Module  : blender.exe
Thread  : 00007db8
Error   : EXCEPTION_ACCESS_VIOLATION
Address : 0x00007FF7C25B3F40
Module  : blender.exe
Thread  : 00007de4
Error   : EXCEPTION_ACCESS_VIOLATION
Address : 0x00007FF7C25B3F40
Module  : blender.exe
Thread  : 00007050
Error loading symbols D:\Toolchains\Blender\blender-4.5.13-windows-x64\blender.pdb
	error:0xc0000005
	size = 119820288
	base=0x00007FF7C2040000
